// Jest Snapshot v1, https://goo.gl/fbAQLP

exports[`Should render MoviesList 1`] = `
Array [
  <div
    className="catalog__movies-list"
  >
    <article
      className="small-movie-card catalog__movies-card"
      onMouseOver={[Function]}
    >
      <div
        className="small-movie-card__image"
        onClick={[Function]}
      >
        <img
          alt="Bohemian Rhapsody"
          height="175"
          src="img/bohemian-rhapsody.jpg"
          width="280"
        />
      </div>
      <h3
        className="small-movie-card__title"
        onClick={[Function]}
      >
        <a
          className="small-movie-card__link"
        >
          Bohemian Rhapsody
        </a>
      </h3>
    </article>
    <article
      className="small-movie-card catalog__movies-card"
      onMouseOver={[Function]}
    >
      <div
        className="small-movie-card__image"
        onClick={[Function]}
      >
        <img
          alt="Macbeth"
          height="175"
          src="img/macbeth.jpg"
          width="280"
        />
      </div>
      <h3
        className="small-movie-card__title"
        onClick={[Function]}
      >
        <a
          className="small-movie-card__link"
        >
          Macbeth
        </a>
      </h3>
    </article>
  </div>,
  <div
    className="catalog__more"
  >
    <button
      className="catalog__button"
      type="button"
    >
      Show more
    </button>
  </div>,
]
`;
