// Jest Snapshot v1, https://goo.gl/fbAQLP

exports[`Should render MovieCard 1`] = `
<article
  className="small-movie-card catalog__movies-card"
  onMouseOver={[Function]}
>
  <div
    className="small-movie-card__image"
    onClick={[Function]}
  >
    <img
      alt="Bohemian Rhapsody"
      height="175"
      src="img/bohemian-rhapsody.jpg"
      width="280"
    />
  </div>
  <h3
    className="small-movie-card__title"
    onClick={[Function]}
  >
    <a
      className="small-movie-card__link"
    >
      Bohemian Rhapsody
    </a>
  </h3>
</article>
`;
